{
  "schema": [
    {
      "name": "firstname",
      "type": "string"
    },
    {
      "name": "balance",
      "type": "integer"
    }
  ],
  "total": 7,
  "datarows": [
    [
      "Amber JOHnny",
      39225
    ],
    ["Hattie"],
    [
      "Nanette",
      32838
    ],
    [
      "Dale",
      4180
    ],
    ["Elinor"],
    ["Virginia"],
    [
      "Dillard",
      48086
    ]
  ],
  "size": 7
}
