{
  "schema": [
    {
      "name": "firstname",
      "type": "string"
    },
    {
      "name": "male",
      "type": "boolean"
    }
  ],
  "total": 4,
  "datarows": [
    [
      "Amber JOHnny",
      true
    ],
    [
      "Hattie",
      true
    ],
    [
      "Nanette",
      false
    ],
    [
      "Virginia",
      false
    ]
  ],
  "size": 4
}
