{
  "schema": [
    {
      "name": "firstname",
      "type": "string"
    },
    {
      "name": "age",
      "type": "integer"
    }
  ],
  "total": 7,
  "datarows": [
    ["Amber JOHnny"],
    [
      "Nanette",
      28
    ],
    [
      "Dale",
      33
    ],
    [
      "Dillard",
      34
    ],
    [
      "Hattie",
      36
    ],
    [
      "Elinor",
      36
    ],
    [
      "Virginia",
      39
    ]
  ],
  "size": 7
}
