{
  "schema": [{
    "name": "avg(age)",
    "type": "double"
  }],
  "total": 1,
  "datarows": [[30.171]],
  "size": 1
}
